mode: atomic
github.com/kikakkz/looming/cmd/gateway/main.go:16.13,23.2 5 0
github.com/kikakkz/looming/internal/control/domain/backoff.go:27.56,29.44 2 0
github.com/kikakkz/looming/internal/control/domain/backoff.go:29.44,31.3 1 0
github.com/kikakkz/looming/internal/control/domain/backoff.go:32.2,32.15 1 0
github.com/kikakkz/looming/internal/control/domain/backoff.go:32.15,34.3 1 0
github.com/kikakkz/looming/internal/control/domain/backoff.go:35.2,35.10 1 0
github.com/kikakkz/looming/internal/control/app/cache.go:49.42,53.2 3 4
github.com/kikakkz/looming/internal/control/app/cache.go:55.44,59.2 3 7
github.com/kikakkz/looming/internal/control/app/cache.go:62.71,72.2 5 3
github.com/kikakkz/looming/internal/control/app/cache.go:74.57,78.6 4 3
github.com/kikakkz/looming/internal/control/app/cache.go:78.6,79.10 1 8
github.com/kikakkz/looming/internal/control/app/cache.go:80.21,81.10 1 3
github.com/kikakkz/looming/internal/control/app/cache.go:82.24,83.11 1 5
github.com/kikakkz/looming/internal/control/app/cache.go:83.11,85.5 1 0
github.com/kikakkz/looming/internal/control/app/cache.go:86.4,86.19 1 5
github.com/kikakkz/looming/internal/control/app/cache.go:86.19,90.5 3 4
github.com/kikakkz/looming/internal/control/app/cache.go:91.4,91.16 1 5
github.com/kikakkz/looming/internal/control/app/cache.go:99.85,103.2 3 5
github.com/kikakkz/looming/internal/control/app/cache.go:106.46,106.70 1 4
github.com/kikakkz/looming/internal/control/app/cache.go:109.39,112.2 2 3
github.com/kikakkz/looming/internal/control/app/cache.go:114.58,116.22 2 4
github.com/kikakkz/looming/internal/control/app/cache.go:116.22,118.3 1 4
github.com/kikakkz/looming/internal/control/app/cache.go:119.2,119.12 1 4
github.com/kikakkz/looming/internal/control/app/provision.go:39.112,41.2 1 2
github.com/kikakkz/looming/internal/control/app/provision.go:46.76,48.53 2 2
github.com/kikakkz/looming/internal/control/app/provision.go:48.53,49.18 1 8
github.com/kikakkz/looming/internal/control/app/provision.go:49.18,51.11 2 6
github.com/kikakkz/looming/internal/control/app/provision.go:52.22,54.21 2 0
github.com/kikakkz/looming/internal/control/app/provision.go:55.19,55.19 0 6
github.com/kikakkz/looming/internal/control/app/provision.go:58.3,58.60 1 8
github.com/kikakkz/looming/internal/control/app/provision.go:58.60,60.12 2 7
github.com/kikakkz/looming/internal/control/app/provision.go:62.3,62.13 1 1
github.com/kikakkz/looming/internal/control/app/provision.go:64.2,64.23 1 1
github.com/kikakkz/looming/internal/control/app/provision.go:64.23,65.10 1 1
github.com/kikakkz/looming/internal/control/app/provision.go:66.91,66.91 0 1
github.com/kikakkz/looming/internal/control/app/provision.go:67.21,67.21 0 0
github.com/kikakkz/looming/internal/control/app/provision.go:70.2,70.51 1 1
github.com/kikakkz/looming/internal/control/domain/backoff.go:27.56,29.44 2 9
github.com/kikakkz/looming/internal/control/domain/backoff.go:29.44,31.3 1 14
github.com/kikakkz/looming/internal/control/domain/backoff.go:32.2,32.15 1 9
github.com/kikakkz/looming/internal/control/domain/backoff.go:32.15,34.3 1 1
github.com/kikakkz/looming/internal/control/domain/backoff.go:35.2,35.10 1 8
github.com/kikakkz/looming/internal/engine/default/engine.go:26.20,31.2 1 2
github.com/kikakkz/looming/internal/engine/default/engine.go:37.91,39.2 1 0
github.com/kikakkz/looming/internal/engine/default/engine.go:43.131,46.36 3 3
github.com/kikakkz/looming/internal/engine/default/engine.go:46.36,49.3 2 1
github.com/kikakkz/looming/internal/engine/default/engine.go:50.2,54.17 5 2
github.com/kikakkz/looming/internal/engine/default/engine.go:57.114,60.33 3 0
github.com/kikakkz/looming/internal/engine/default/engine.go:60.33,62.3 1 0
github.com/kikakkz/looming/internal/engine/default/engine.go:63.2,64.12 2 0
github.com/kikakkz/looming/internal/engine/default/engine.go:67.84,70.33 3 1
github.com/kikakkz/looming/internal/engine/default/engine.go:70.33,71.15 1 1
github.com/kikakkz/looming/internal/engine/default/engine.go:71.15,73.4 1 1
github.com/kikakkz/looming/internal/engine/default/engine.go:75.2,76.12 2 1
github.com/kikakkz/looming/internal/engine/default/engine.go:79.107,83.9 4 2
github.com/kikakkz/looming/internal/engine/default/engine.go:83.9,85.3 1 1
github.com/kikakkz/looming/internal/engine/default/engine.go:86.2,86.63 1 1
github.com/kikakkz/looming/internal/engine/default/engine.go:89.25,90.12 1 2
github.com/kikakkz/looming/internal/engine/default/engine.go:90.12,92.3 1 0
github.com/kikakkz/looming/internal/engine/default/engine.go:93.2,95.12 3 2
github.com/kikakkz/looming/internal/engine/default/engine.go:95.12,99.3 3 2
github.com/kikakkz/looming/internal/engine/default/engine.go:100.2,100.24 1 2
github.com/kikakkz/looming/internal/front/app/front.go:31.153,32.16 1 4
github.com/kikakkz/looming/internal/front/app/front.go:32.16,34.3 1 4
github.com/kikakkz/looming/internal/front/app/front.go:35.2,35.81 1 4
github.com/kikakkz/looming/internal/front/app/front.go:41.67,44.16 3 4
github.com/kikakkz/looming/internal/front/app/front.go:44.16,47.3 2 1
github.com/kikakkz/looming/internal/front/app/front.go:48.2,50.80 3 3
github.com/kikakkz/looming/internal/front/app/front.go:50.80,53.3 2 1
github.com/kikakkz/looming/internal/front/app/front.go:54.2,55.56 2 2
github.com/kikakkz/looming/internal/front/app/front.go:55.56,58.3 2 0
github.com/kikakkz/looming/internal/front/app/front.go:60.2,60.60 1 2
github.com/kikakkz/looming/internal/front/app/front.go:60.60,63.3 2 1
github.com/kikakkz/looming/internal/front/app/front.go:66.90,68.2 1 1
github.com/kikakkz/looming/internal/front/app/front.go:73.108,77.2 2 2
github.com/kikakkz/looming/internal/front/app/front.go:79.42,82.2 2 4
github.com/kikakkz/looming/internal/front/app/front.go:84.33,87.32 2 2
github.com/kikakkz/looming/internal/front/app/front.go:87.32,90.3 2 12
github.com/kikakkz/looming/internal/front/app/front.go:91.2,91.31 1 2
github.com/kikakkz/looming/internal/front/domain/authz.go:23.62,24.17 1 11
github.com/kikakkz/looming/internal/front/domain/authz.go:24.17,26.3 1 3
github.com/kikakkz/looming/internal/front/domain/authz.go:27.2,27.30 1 8
github.com/kikakkz/looming/internal/front/domain/authz.go:27.30,28.17 1 15
github.com/kikakkz/looming/internal/front/domain/authz.go:28.17,30.4 1 3
github.com/kikakkz/looming/internal/front/domain/authz.go:32.2,32.13 1 5
github.com/kikakkz/looming/internal/front/domain/chain.go:41.42,43.2 1 3
github.com/kikakkz/looming/internal/front/domain/chain.go:50.81,51.31 1 3
github.com/kikakkz/looming/internal/front/domain/chain.go:51.31,53.17 2 4
github.com/kikakkz/looming/internal/front/domain/chain.go:53.17,55.4 1 1
github.com/kikakkz/looming/internal/front/domain/chain.go:56.3,56.23 1 3
github.com/kikakkz/looming/internal/front/domain/chain.go:56.23,58.4 1 1
github.com/kikakkz/looming/internal/front/domain/chain.go:60.2,60.12 1 1
