name: looming
services:
    identityd:
        build:
            args:
                - GOPROXY
            context: identity
        environment:
            IDENTITY_DATABASE_URL: postgres://postgres:pw@10.0.0.11:5432/identity
            IDENTITY_LISTEN: :8081
        ports:
            - 8081:8081
        restart: unless-stopped
